 ⨯ Failed to start server
Error: listen EADDRINUSE: address already in use 0.0.0.0:3001
    at Server.setupListenHandle [as _listen2] (membershipError {
  code: 'PGRST205',
  details: null,
  hint: "Perhaps you meant the table 'public.businesses'",
  message: "Could not find the table 'public.business_members' in the schema cache"
}
membershipError {
  code: 'PGRST205',
  details: null,
  hint: "Perhaps you meant the table 'public.businesses'",
  message: "Could not find the table 'public.business_members' in the schema cache"
}
Error: Failed to load business: Could not find the table 'public.business_members' in the schema cache
    at a (/home/yu008660/projects/pentriq/review-flow-rebuild/.next/standalone/.next/server/chunks/725.js:1:9114)
    at process.processTicksAndRejections (node:internal/process/task_queues:104:5)
    at async x (/home/yu008660/projects/pentriq/review-flow-rebuild/.next/standalone/.next/server/app/(app)/dashboard/page.js:1:6787) {
  digest: '4180162906'
}
Error: Failed to load business: Could not find the table 'public.business_members' in the schema cache
    at a (/home/yu008660/projects/pentriq/review-flow-rebuild/.next/standalone/.next/server/chunks/725.js:1:9114)
    at process.processTicksAndRejections (node:internal/process/task_queues:104:5)
    at async c (/home/yu008660/projects/pentriq/review-flow-rebuild/.next/standalone/.next/server/chunks/725.js:1:5657) {
  digest: '914027648'
}
Error: Failed to load business: Could not find the table 'public.business_members' in the schema cache
    at a (/home/yu008660/projects/pentriq/review-flow-rebuild/.next/standalone/.next/server/chunks/725.js:1:9114)
    at process.processTicksAndRejections (node:internal/process/task_queues:104:5)
    at async c (/home/yu008660/projects/pentriq/review-flow-rebuild/.next/standalone/.next/server/chunks/725.js:1:5657) {
  digest: '914027648'
}
membershipError {
  code: 'PGRST205',
  details: null,
  hint: "Perhaps you meant the table 'public.businesses'",
  message: "Could not find the table 'public.business_members' in the schema cache"
}
membershipError {
  code: 'PGRST205',
  details: null,
  hint: "Perhaps you meant the table 'public.businesses'",
  message: "Could not find the table 'public.business_members' in the schema cache"
}
Error: Failed to load business: Could not find the table 'public.business_members' in the schema cache
    at a (/home/yu008660/projects/pentriq/review-flow-rebuild/.next/standalone/.next/server/chunks/725.js:1:9114)
    at process.processTicksAndRejections (node:internal/process/task_queues:104:5)
    at async x (/home/yu008660/projects/pentriq/review-flow-rebuild/.next/standalone/.next/server/app/(app)/dashboard/page.js:1:6787) {
  digest: '4180162906'
}
Error: Failed to load business: Could not find the table 'public.business_members' in the schema cache
    at a (/home/yu008660/projects/pentriq/review-flow-rebuild/.next/standalone/.next/server/chunks/725.js:1:9114)
    at process.processTicksAndRejections (node:internal/process/task_queues:104:5)
    at async c (/home/yu008660/projects/pentriq/review-flow-rebuild/.next/standalone/.next/server/chunks/725.js:1:5657) {
  digest: '914027648'
}
Error: Failed to load business: Could not find the table 'public.business_members' in the schema cache
    at a (/home/yu008660/projects/pentriq/review-flow-rebuild/.next/standalone/.next/server/chunks/725.js:1:9114)
    at process.processTicksAndRejections (node:internal/process/task_queues:104:5)
    at async c (/home/yu008660/projects/pentriq/review-flow-rebuild/.next/standalone/.next/server/chunks/725.js:1:5657) {
  digest: '914027648'
}
membershipError {
  code: 'PGRST205',
  details: null,
  hint: "Perhaps you meant the table 'public.businesses'",
  message: "Could not find the table 'public.business_members' in the schema cache"
}
membershipError {
  code: 'PGRST205',
  details: null,
  hint: "Perhaps you meant the table 'public.businesses'",
  message: "Could not find the table 'public.business_members' in the schema cache"
}
Error: Failed to load business: Could not find the table 'public.business_members' in the schema cache
    at a (/home/yu008660/projects/pentriq/review-flow-rebuild/.next/standalone/.next/server/chunks/725.js:1:9114)
    at process.processTicksAndRejections (node:internal/process/task_queues:104:5)
    at async x (/home/yu008660/projects/pentriq/review-flow-rebuild/.next/standalone/.next/server/app/(app)/dashboard/page.js:1:6787) {
  digest: '4180162906'
}
Error: Failed to load business: Could not find the table 'public.business_members' in the schema cache
    at a (/home/yu008660/projects/pentriq/review-flow-rebuild/.next/standalone/.next/server/chunks/725.js:1:9114)
    at process.processTicksAndRejections (node:internal/process/task_queues:104:5)
    at async c (/home/yu008660/projects/pentriq/review-flow-rebuild/.next/standalone/.next/server/chunks/725.js:1:5657) {
  digest: '914027648'
}
Error: Failed to load business: Could not find the table 'public.business_members' in the schema cache
    at a (/home/yu008660/projects/pentriq/review-flow-rebuild/.next/standalone/.next/server/chunks/725.js:1:9114)
    at process.processTicksAndRejections (node:internal/process/task_queues:104:5)
    at async c (/home/yu008660/projects/pentriq/review-flow-rebuild/.next/standalone/.next/server/chunks/725.js:1:5657) {
  digest: '914027648'
}
